// #define JOIN(a, b) a ## b

Print "sumstuff= " + 12
WaitKey
