dot 10, 10, 25, 25 
box 25,25,50,50,1
print "YEAAAH!" 