// #define MAGIC
// #ifdef MAGIC
	AddText "magic!"
// #endif





AddText "this should be normal"