// #define MAGIC

// #ifndef MAGIC




AddText "output me pls"
// #endif

AddText "this should be normal"
