function getTrackFilename(id)
	return "sync\synctrack"+id+".dat"
endFunction