// #define MINUS(a,b) (a-b)

// #define BB 2
// #define AA (BB+BB)
// #define CC (AA+AA)
// #define DD MINUS(AA, BB)

// addtext "magic: " + MINUS(DD, CC)
a = (2+2) + (2+2)
b = (2+2) + ((2+2)+(2+2))
c = ((2+2)-(2+2))
d = ((2+2)- 2)
e = (((2+2)- 2)-((2+2)- 2))