// #define AB "oy"
// #define ABBA "waterloo"
// #define SUM(a,b) (a+b)
// #define SQUARESUM(a,b) (a*a+b*b)

AddText "abba + ab + abba = " + "waterloo" + "oy" + "waterloo"
AddText "result: " + (2*2+3*3)
DrawScreen
WaitKey