// #define SQUARESUM(a,b,c) (a*a + b + c)

Print "sumstuff= " + (1*1 + 2 + 3)
WaitKey
