// #define SQUARE(a) (a*a)
Print "5^2 = " + (5*5)
WaitKey
