// #define MAGIC
// #ifdef MAGIC
	AddText "magic!"
// #endif

// #undef MAGIC





AddText "this should be normal"